2024-10-20 03:52:54,759 INFO    MainThread:3186186 [wandb_setup.py:_flush():76] Current SDK version is 0.16.1
2024-10-20 03:52:54,759 INFO    MainThread:3186186 [wandb_setup.py:_flush():76] Configure stats pid to 3186186
2024-10-20 03:52:54,759 INFO    MainThread:3186186 [wandb_setup.py:_flush():76] Loading settings from /home/ljc/.config/wandb/settings
2024-10-20 03:52:54,759 INFO    MainThread:3186186 [wandb_setup.py:_flush():76] Loading settings from /data/ljc/aq/hw2/p2/wandb/settings
2024-10-20 03:52:54,759 INFO    MainThread:3186186 [wandb_setup.py:_flush():76] Loading settings from environment variables: {}
2024-10-20 03:52:54,759 INFO    MainThread:3186186 [wandb_setup.py:_flush():76] Inferring run settings from compute environment: {'program': '<python with no main file>'}
2024-10-20 03:52:54,759 INFO    MainThread:3186186 [wandb_setup.py:_flush():76] Applying login settings: {'api_key': '***REDACTED***'}
2024-10-20 03:52:54,759 INFO    MainThread:3186186 [wandb_setup.py:_flush():76] Applying login settings: {'api_key': '***REDACTED***'}
2024-10-20 03:52:54,759 INFO    MainThread:3186186 [wandb_init.py:_log_setup():524] Logging user logs to /data/ljc/aq/hw2/p2/wandb/run-20241020_035254-40nt4ean/logs/debug.log
2024-10-20 03:52:54,759 INFO    MainThread:3186186 [wandb_init.py:_log_setup():525] Logging internal logs to /data/ljc/aq/hw2/p2/wandb/run-20241020_035254-40nt4ean/logs/debug-internal.log
2024-10-20 03:52:54,759 INFO    MainThread:3186186 [wandb_init.py:init():564] calling init triggers
2024-10-20 03:52:54,759 INFO    MainThread:3186186 [wandb_init.py:init():571] wandb.init called with sweep_config: {}
config: {'batch_size': 256, 'lr': 0.001, 'epochs': 80, 'num_classes': 8631, 'weight_decay': 0.05, 'drop': 0.2, 'layer_scale_init_value': 1e-06, 'data_dir': '/home/ljc/aq/hw2/p2/11-785-f24-hw2p2-verification/cls_data', 'data_ver_dir': '/home/ljc/aq/hw2/p2/11-785-f24-hw2p2-verification/ver_data', 'checkpoint_dir': '/home/ljc/aq/hw2/p2/11-785-f24-hw2p2-verification'}
2024-10-20 03:52:54,759 INFO    MainThread:3186186 [wandb_init.py:init():614] starting backend
2024-10-20 03:52:54,759 INFO    MainThread:3186186 [wandb_init.py:init():618] setting up manager
2024-10-20 03:52:54,760 INFO    MainThread:3186186 [backend.py:_multiprocessing_setup():105] multiprocessing start_methods=fork,spawn,forkserver, using: spawn
2024-10-20 03:52:54,760 INFO    MainThread:3186186 [wandb_init.py:init():624] backend started and connected
2024-10-20 03:52:54,765 INFO    MainThread:3186186 [wandb_run.py:_label_probe_notebook():1294] probe notebook
2024-10-20 03:52:54,765 INFO    MainThread:3186186 [wandb_run.py:_label_probe_notebook():1304] Unable to probe notebook: 'NoneType' object has no attribute 'get'
2024-10-20 03:52:54,765 INFO    MainThread:3186186 [wandb_init.py:init():716] updated telemetry
2024-10-20 03:52:54,769 INFO    MainThread:3186186 [wandb_init.py:init():749] communicating run to backend with 90.0 second timeout
2024-10-20 03:52:55,013 INFO    MainThread:3186186 [wandb_run.py:_on_init():2254] communicating current version
2024-10-20 03:53:25,018 INFO    MainThread:3186186 [wandb_init.py:init():800] starting run threads in backend
2024-10-20 03:53:29,441 WARNING MsgRouterThr:3186186 [router.py:message_loop():77] message_loop has been closed
2024-10-20 03:53:29,450 INFO    MainThread:3186186 [wandb_run.py:_console_start():2233] atexit reg
2024-10-20 03:53:29,450 INFO    MainThread:3186186 [wandb_run.py:_redirect():2088] redirect: wrap_raw
2024-10-20 03:53:29,451 INFO    MainThread:3186186 [wandb_run.py:_redirect():2153] Wrapping output streams.
2024-10-20 03:53:29,451 INFO    MainThread:3186186 [wandb_run.py:_redirect():2178] Redirects installed.
2024-10-20 03:53:29,451 INFO    MainThread:3186186 [wandb_init.py:init():841] run started, returning control to user process
2024-10-20 04:42:07,335 INFO    MainThread:3186186 [wandb_run.py:_finish():1962] finishing run anqiyang00-carnegie-mellon-university/hw2p2-ablations/40nt4ean
2024-10-20 04:42:07,336 INFO    MainThread:3186186 [wandb_run.py:_atexit_cleanup():2202] got exitcode: 0
2024-10-20 04:42:07,336 INFO    MainThread:3186186 [wandb_run.py:_restore():2185] restore
2024-10-20 04:42:07,336 INFO    MainThread:3186186 [wandb_run.py:_restore():2191] restore done
2024-10-20 04:42:11,754 INFO    MainThread:3186186 [wandb_run.py:_footer_history_summary_info():3837] rendering history
2024-10-20 04:42:11,754 INFO    MainThread:3186186 [wandb_run.py:_footer_history_summary_info():3869] rendering summary
2024-10-20 04:42:11,756 INFO    MainThread:3186186 [wandb_run.py:_footer_sync_info():3796] logging synced files
